// Jest Snapshot v1, https://goo.gl/fbAQLP

exports[`renders correctly 1`] = `
<View
  accessibilityIgnoresInvertColors={true}
  style={
    Object {
      "backgroundColor": "#f8f8ff",
      "flex": 1,
      "justifyContent": "center",
    }
  }
>
  <Image
    source={
      Object {
        "testUri": "../../../imagenes/home_background.jpg",
      }
    }
    style={
      Array [
        Object {
          "bottom": 0,
          "left": 0,
          "position": "absolute",
          "right": 0,
          "top": 0,
        },
        Object {
          "height": undefined,
          "width": undefined,
        },
        undefined,
      ]
    }
  />
  <View
    style={
      Object {
        "alignItems": "center",
        "marginBottom": 50,
        "marginLeft": 10,
      }
    }
  >
    <Image
      source={
        Object {
          "testUri": "../../../imagenes/logo.png",
        }
      }
      style={
        Object {
          "height": 80,
          "resizeMode": "stretch",
          "width": 250,
        }
      }
    />
  </View>
  <View
    style={
      Object {
        "alignItems": "center",
        "marginBottom": 100,
        "marginHorizontal": 30,
      }
    }
  >
    <Image
      source={
        Object {
          "testUri": "../../../imagenes/boton.jpeg",
        }
      }
      style={
        Object {
          "height": 50,
          "resizeMode": "stretch",
          "width": 240,
        }
      }
    />
  </View>
</View>
`;
